// Jest Snapshot v1, https://goo.gl/fbAQLP

exports[`Footer Component matches snapshot 1`] = `
<DocumentFragment>
  <footer>
    <div
      style="height: 3px; background-color: rgb(255, 255, 255);"
    />
    <div
      class="container"
    >
      <a
        class="logo_link"
        href="https://github.com/Kateryna-Borysenko"
        rel="noopener noreferrer"
        target="_blank"
      >
        <img
          alt="Logo"
          src="logo.png"
          width="100px"
        />
        <p
          class="logo_description"
        >
          IDEAS IN CODE
        </p>
      </a>
      <div
        class="copyright_info"
      >
        Â© 2023 Portfolio. All rights reserved.
      </div>
      <div>
        <div
          class="title"
        >
          CONTACTS
        </div>
        <a
          class="cell_phone"
          href="tel:18888888888"
        >
          +1 (888) 888-8888
        </a>
        <div
          class="email"
        >
          <a
            href="mailto:borysenko.info@gmail.com"
          >
            borysenko.info@gmail.com
          </a>
        </div>
        <div
          class="container"
        >
          Local time: 8:05 AM
        </div>
        <div
          class="location"
        >
          <a
            href="https://www.google.com/maps/place/Miami,+FL"
            rel="noopener noreferrer"
            target="_blank"
          >
            Miami, Florida
          </a>
        </div>
      </div>
    </div>
  </footer>
</DocumentFragment>
`;
